column	errors	nulls	distinct	min	max	sum	median	mean	stdev
Date	0	0	47	2018-07-03	2018-08-31	#ERR	2018-08-07	#ERR	#ERR
Customer	0	0	17						
SKU	0	0	34						
Item	0	0	40						
Quantity	0	0	10	1	144	403	2	7.90	21.57
Unit	0	0	28	0.0	2495.99	11974.530000000006	12.95	234.79	585.85
Paid	0	0	36	-2300.0	3602.1	10886.21	51.8	213.46	819.74
